     2  [max]
     3    LINK
     4    RVALINT 2(FP)
     5    RVALINT 3(FP)
     6    LTINT
     7    BRF 12
     8    LVAL 2(FP)
     9    RVALINT 3(FP)
    10    ASSINT
    11    BRA 12
    12    LVAL 4(FP)
    13    RVALINT 2(FP)
    14    ASSINT
    15    UNLINK
    16    RTS
    17    UNLINK
    18    RTS
    19  [trac42]
    20    LINK
    21    DECL 1
    22    DECL 1
    23    DECL 1
    24    PUSHSTRING Stop the iteration by entering two equal numbers
    25    WRITESTRING
    26    POP 100
    27    LVAL -1(FP)
    28    PUSHINT 0
    29    ASSINT
    30    LVAL -2(FP)
    31    PUSHINT 100
    32    ASSINT
    33    RVALINT -1(FP)
    34    RVALINT -2(FP)
    35    EQINT
    36    NOT
    37    BRF 53
    38    DECL 1
    39    RVALINT -2(FP)
    40    RVALINT -1(FP)
    41    BSR 2
    42    POP 1
    43    POP 1
    44    WRITEINT
    45    POP 1
    46    LVAL -1(FP)
    47    READINT
    48    ASSINT
    49    LVAL -2(FP)
    50    READINT
    51    ASSINT
    52    BRA 33
    53    LVAL -3(FP)
    54    PUSHINT 3
    55    ASSINT
    56    RVALINT -3(FP)
    57    PUSHINT 3
    58    EQINT
    59    BRF 64
    60    LVAL -3(FP)
    61    PUSHINT 4
    62    ASSINT
    63    BRA 64
    64    UNLINK
    65    RTS