     2  [wow]
     3    LINK
     4    PUSHINT 2
     5    PUSHFP
     6    ADDINT
     7    RVALINT
     8    PUSHINT 2
     9    PUSHFP
    10    ADDINT
    11    RVALINT
    12    RVALINT
    13    ITOF
    14    PUSHINT 3
    15    PUSHFP
    16    ADDINT
    17    RVALFLOAT
    18    MULFLOAT
    19    FTOI
    20    ASSINT
    21    UNLINK
    22    RTS
    23  [pow]
    24    LINK
    25    PUSHINT 3
    26    PUSHFP
    27    ADDINT
    28    RVALFLOAT
    29    PUSHINT 2
    30    PUSHFP
    31    ADDINT
    32    RVALINT
    33    PUSHINT 2
    34    BSR
    35    POPINT
    36    POPFLOAT
    37    UNLINK
    38    RTS
    39  [main]
    40    LINK
    41    DECLINT
    42    PUSHINT -1
    43    PUSHFP
    44    ADDINT
    45    PUSHINT 7
    46    ASSINT
    47    PUSHFLOAT 13.500000
    48    PUSHINT -1
    49    PUSHFP
    50    ADDINT
    51    PUSHINT 23
    52    BSR
    53    POPINT
    54    POPFLOAT
    55    PUSHINT -1
    56    PUSHFP
    57    ADDINT
    58    RVALINT
    59    PRINTINT
    60    POPINT
    61    POPINT
    62    UNLINK
    63    EOF